// Jest Snapshot v1, https://goo.gl/fbAQLP

exports[`should loading should first loading 1`] = `
<View
  style={
    Object {
      "backgroundColor": "#D5EFCF",
      "flex": 1,
    }
  }
>
  <Text
    style={
      Object {
        "color": "black",
        "fontFamily": "Poppins-Regular",
        "fontSize": 16,
        "marginBottom": 5,
        "marginLeft": 15,
        "marginRight": 1,
        "marginTop": 4,
        "textAlign": "left",
      }
    }
    testID="text component"
  >
    Selamat Datang, 
    
  </Text>
  <Text
    style={
      Object {
        "color": "black",
        "fontFamily": "Poppins-Bold",
        "fontSize": 20,
        "marginBottom": 10,
        "marginLeft": 15,
        "marginRight": 1,
        "marginTop": 1,
        "textAlign": "left",
      }
    }
    testID="text component"
  >
    Recommenhded
  </Text>
  <RCTScrollView
    data={
      Array [
        Object {},
      ]
    }
    getItem={[Function]}
    getItemCount={[Function]}
    horizontal={true}
    keyExtractor={[Function]}
    onContentSizeChange={[Function]}
    onLayout={[Function]}
    onMomentumScrollBegin={[Function]}
    onMomentumScrollEnd={[Function]}
    onScroll={[Function]}
    onScrollBeginDrag={[Function]}
    onScrollEndDrag={[Function]}
    removeClippedSubviews={false}
    renderItem={[Function]}
    scrollEventThrottle={50}
    stickyHeaderIndices={Array []}
    viewabilityConfigCallbackPairs={Array []}
  >
    <View>
      <View
        onLayout={[Function]}
        style={
          Array [
            Object {
              "flexDirection": "row",
            },
            null,
          ]
        }
      >
        <View
          accessible={true}
          collapsable={false}
          focusable={true}
          onClick={[Function]}
          onResponderGrant={[Function]}
          onResponderMove={[Function]}
          onResponderRelease={[Function]}
          onResponderTerminate={[Function]}
          onResponderTerminationRequest={[Function]}
          onStartShouldSetResponder={[Function]}
          style={
            Object {
              "opacity": 1,
            }
          }
        >
          <View
            style={
              Object {
                "borderRadius": 10,
                "height": 502.85714285714283,
                "left": 12.571428571428571,
                "margin": 7.857142857142857,
                "width": 204.28571428571428,
              }
            }
          >
            <View
              style={
                Array [
                  Object {
                    "overflow": "hidden",
                  },
                  Object {
                    "borderRadius": 10,
                    "height": 282.8571428571429,
                    "width": 204.28571428571428,
                  },
                ]
              }
            >
              <FastImageView
                resizeMode="cover"
                source={
                  Object {
                    "uri": undefined,
                  }
                }
                style={
                  Object {
                    "bottom": 0,
                    "left": 0,
                    "position": "absolute",
                    "right": 0,
                    "top": 0,
                  }
                }
              />
            </View>
          </View>
        </View>
      </View>
    </View>
  </RCTScrollView>
  <Text
    style={
      Object {
        "color": "black",
        "fontFamily": "Poppins-Bold",
        "fontSize": 30,
        "marginBottom": 10,
        "marginLeft": 15,
        "marginRight": 1,
        "marginTop": 1,
        "textAlign": "left",
      }
    }
    testID="text component"
  >
    Popular Book
  </Text>
  <RCTScrollView
    data={
      Array [
        Object {},
      ]
    }
    getItem={[Function]}
    getItemCount={[Function]}
    horizontal={false}
    keyExtractor={[Function]}
    onContentSizeChange={[Function]}
    onLayout={[Function]}
    onMomentumScrollBegin={[Function]}
    onMomentumScrollEnd={[Function]}
    onScroll={[Function]}
    onScrollBeginDrag={[Function]}
    onScrollEndDrag={[Function]}
    removeClippedSubviews={false}
    renderItem={[Function]}
    scrollEventThrottle={50}
    stickyHeaderIndices={Array []}
    viewabilityConfigCallbackPairs={Array []}
  >
    <View>
      <View
        onLayout={[Function]}
        style={null}
      >
        <View
          style={
            Object {
              "flexDirection": "row",
            }
          }
        >
          <View
            accessible={true}
            collapsable={false}
            focusable={true}
            onClick={[Function]}
            onResponderGrant={[Function]}
            onResponderMove={[Function]}
            onResponderRelease={[Function]}
            onResponderTerminate={[Function]}
            onResponderTerminationRequest={[Function]}
            onStartShouldSetResponder={[Function]}
            style={
              Object {
                "opacity": 1,
              }
            }
          >
            <View
              style={
                Object {
                  "backgroundColor": "#D6EAFF",
                  "borderRadius": 10,
                  "height": 377.1428571428571,
                  "left": 10,
                  "margin": 5,
                  "marginBottom": 31.428571428571427,
                  "width": 180.71428571428572,
                }
              }
            >
              <View
                style={
                  Array [
                    Object {
                      "overflow": "hidden",
                    },
                    Object {
                      "borderRadius": 10,
                      "height": 251.42857142857142,
                      "justifyContent": "space-between",
                      "width": 180.71428571428572,
                    },
                  ]
                }
              >
                <FastImageView
                  resizeMode="cover"
                  source={
                    Object {
                      "uri": undefined,
                    }
                  }
                  style={
                    Object {
                      "bottom": 0,
                      "left": 0,
                      "position": "absolute",
                      "right": 0,
                      "top": 0,
                    }
                  }
                />
              </View>
              <Text
                style={
                  Object {
                    "color": "black",
                    "fontFamily": "Poppins-Regular",
                    "fontSize": 16,
                    "marginBottom": 10,
                    "marginLeft": 2,
                    "marginRight": 1,
                    "marginTop": 1,
                    "textAlign": "left",
                  }
                }
                testID="text component"
              />
            </View>
          </View>
        </View>
      </View>
    </View>
  </RCTScrollView>
</View>
`;
